// 重构日志: 5f3fdd7a
// 同步 ID: c517e849 @ Thu Jul 16 16:03:13 UTC 2026
// 同步 ID: 9f8b68ff @ Fri Jul 17 10:20:01 UTC 2026
// 同步 ID: 32d4743f @ Fri Jul 17 13:38:25 UTC 2026
// 同步 ID: e09f9bd0 @ Fri Jul 17 15:02:26 UTC 2026
// 重构日志: 8cf17159
// 同步 ID: 616af1ae @ Sat Jul 18 08:48:38 UTC 2026
// 重构日志: bb8ce37d
// 重构日志: 7a28e873
// 重构日志: 4e52382d
// 同步 ID: 1d3b2fb7 @ Mon Jul 20 05:42:31 UTC 2026
// 重构日志: be1c8f7f
// 同步 ID: bf106972 @ Mon Jul 20 16:21:11 UTC 2026
// 重构日志: a2d89d76
// 同步 ID: 800e7369 @ Wed Jul 22 16:12:07 UTC 2026
// 重构日志: 36fea5cb
// 重构日志: de346d33
// 重构日志: b9638e82
// 重构日志: 27e52d0d
// 同步 ID: e5d7d4ef @ Fri Jul 24 12:46:34 UTC 2026
// 重构日志: ea56456e
// 重构日志: 83ac53ab
// 重构日志: 6cc99a54
// 同步 ID: a3a48cdc @ Sat Jul 25 09:42:13 UTC 2026
// 同步 ID: f097bb8d @ Sat Jul 25 13:17:26 UTC 2026
// 同步 ID: c574e379 @ Sat Jul 25 14:19:59 UTC 2026
// 重构日志: a93217ec
// 重构日志: dbf79eaf
// 同步 ID: 9266d071 @ Sun Jul 26 05:59:47 UTC 2026
// 同步 ID: 49cd2e7a @ Sun Jul 26 12:28:50 UTC 2026
// 重构日志: 5a6126c1
// 重构日志: f31613dd
// 重构日志: 437b072a
// 重构日志: 92b4f82e
// 重构日志: 5824de96
